[marketifythemes.net/tailwind/elisc/index.html]
[backblue.gif]
[fade.gif]
[index.html]
[marketifythemes.net/tailwind/elisc/assets/css/plugins.css]
[marketifythemes.net/tailwind/elisc/assets/css/modalbox.css]
[marketifythemes.net/tailwind/elisc/assets/css/custom.css]
[marketifythemes.net/tailwind/elisc/assets/css/main.css]
[marketifythemes.net/tailwind/elisc/assets/img/logo/logo.png]
[marketifythemes.net/tailwind/elisc/assets/img/about/1.jpg]
[marketifythemes.net/tailwind/elisc/assets/img/svg/social/facebook.svg]
[marketifythemes.net/tailwind/elisc/assets/img/svg/social/twitter.svg]
[marketifythemes.net/tailwind/elisc/assets/img/svg/social/instagram.svg]
[marketifythemes.net/tailwind/elisc/assets/img/svg/social/dribbble.svg]
[marketifythemes.net/tailwind/elisc/assets/img/svg/social/tik-tok.svg]
[marketifythemes.net/tailwind/elisc/assets/img/thumbs/1-1.jpg]
[marketifythemes.net/tailwind/elisc/assets/img/about/2.png]
[marketifythemes.net/tailwind/elisc/assets/img/experience/1.jpg]
[marketifythemes.net/tailwind/elisc/assets/img/experience/2.jpg]
[marketifythemes.net/tailwind/elisc/assets/img/experience/3.jpg]
[marketifythemes.net/tailwind/elisc/assets/img/experience/4.jpg]
[marketifythemes.net/tailwind/elisc/assets/img/service/2.jpg]
[marketifythemes.net/tailwind/elisc/assets/img/svg/rightArrow.svg]
[marketifythemes.net/tailwind/elisc/assets/img/service/3.jpg]
[marketifythemes.net/tailwind/elisc/assets/img/service/4.jpg]
[marketifythemes.net/tailwind/elisc/assets/img/service/5.jpg]
[marketifythemes.net/tailwind/elisc/assets/img/service/6.jpg]
[marketifythemes.net/tailwind/elisc/assets/img/service/7.jpg]
[marketifythemes.net/tailwind/elisc/assets/img/thumbs/4-2.jpg]
[marketifythemes.net/tailwind/elisc/assets/img/service/1.jpg]
[marketifythemes.net/tailwind/elisc/assets/img/svg/play.svg]
[marketifythemes.net/tailwind/elisc/assets/img/svg/prev.svg]
[marketifythemes.net/tailwind/elisc/assets/img/svg/next.svg]
[marketifythemes.net/tailwind/elisc/assets/img/thumbs/31-36.jpg]
[marketifythemes.net/tailwind/elisc/assets/img/portfolio/1.jpg]
[marketifythemes.net/tailwind/elisc/assets/img/portfolio/2.jpg]
[marketifythemes.net/tailwind/elisc/assets/img/portfolio/3.jpg]
[marketifythemes.net/tailwind/elisc/assets/img/portfolio/4.jpg]
[marketifythemes.net/tailwind/elisc/assets/img/portfolio/5.jpg]
[marketifythemes.net/tailwind/elisc/assets/img/portfolio/6.jpg]
[marketifythemes.net/tailwind/elisc/assets/img/portfolio/7.jpg]
[marketifythemes.net/tailwind/elisc/assets/img/partners/1.png]
[marketifythemes.net/tailwind/elisc/assets/img/partners/2.png]
[marketifythemes.net/tailwind/elisc/assets/img/partners/3.png]
[marketifythemes.net/tailwind/elisc/assets/img/partners/4.png]
[marketifythemes.net/tailwind/elisc/assets/img/partners/5.png]
[marketifythemes.net/tailwind/elisc/assets/img/partners/6.png]
[marketifythemes.net/tailwind/elisc/assets/img/partners/7.png]
[marketifythemes.net/tailwind/elisc/assets/img/partners/8.png]
[marketifythemes.net/tailwind/elisc/assets/img/testimonials/1.jpg]
[marketifythemes.net/tailwind/elisc/assets/img/testimonials/2.jpg]
[marketifythemes.net/tailwind/elisc/assets/img/testimonials/3.jpg]
[marketifythemes.net/tailwind/elisc/assets/img/news/1.jpg]
[marketifythemes.net/tailwind/elisc/assets/img/svg/calendar.svg]
[marketifythemes.net/tailwind/elisc/assets/img/news/2.jpg]
[marketifythemes.net/tailwind/elisc/assets/img/news/3.jpg]
[marketifythemes.net/tailwind/elisc/assets/img/news/4.jpg]
[marketifythemes.net/tailwind/elisc/assets/img/news/5.jpg]
[marketifythemes.net/tailwind/elisc/assets/img/news/6.jpg]
[marketifythemes.net/tailwind/elisc/assets/img/news/7.jpg]
[marketifythemes.net/cdn-cgi/scripts/5c5dd728/cloudflare-static/email-decode.min.js]
[marketifythemes.net/tailwind/elisc/assets/js/jquery.js]
[marketifythemes.net/tailwind/elisc/assets/js/plugins.js]
[marketifythemes.net/tailwind/elisc/assets/js/init.js]
[marketifythemes.net/tailwind/elisc/index.html]
[marketifythemes.net/tailwind/elisc/assets/css/font/fontello3b7f.woff2]
[marketifythemes.net/tailwind/elisc/assets/css/font/fontello3b7f.woff]
[marketifythemes.net/tailwind/elisc/assets/css/font/fontello3b7f.svg]
[marketifythemes.net/tailwind/elisc/assets/css/font/fontello3b7f.ttf]
[marketifythemes.net/tailwind/elisc/assets/css/owl.video.play.png]
[marketifythemes.net/tailwind/elisc/assets/css/plugins.css]
[marketifythemes.net/tailwind/elisc/assets/css/custom.css]
[marketifythemes.net/tailwind/elisc/assets/css/modalbox.css]
[marketifythemes.net/tailwind/elisc/assets/css/main.css]
[marketifythemes.net/tailwind/elisc/assets/img/svg/social/facebook.svg]
[marketifythemes.net/tailwind/elisc/assets/img/svg/social/twitter.svg]
[marketifythemes.net/tailwind/elisc/assets/img/svg/social/instagram.svg]
[marketifythemes.net/tailwind/elisc/assets/img/svg/social/dribbble.svg]
[marketifythemes.net/tailwind/elisc/assets/img/svg/social/tik-tok.svg]
[marketifythemes.net/tailwind/elisc/assets/img/svg/rightArrow.svg]
[marketifythemes.net/tailwind/elisc/assets/img/svg/play.svg]
[marketifythemes.net/tailwind/elisc/assets/img/svg/prev.svg]
[marketifythemes.net/tailwind/elisc/assets/img/svg/next.svg]
[marketifythemes.net/tailwind/elisc/assets/img/svg/calendar.svg]
[marketifythemes.net/tailwind/elisc/assets/js/jquery.js]
[marketifythemes.net/tailwind/elisc/assets/js/plugins.js]
[marketifythemes.net/tailwind/elisc/img.svg]
[marketifythemes.net/tailwind/elisc/modal/contact.php]
[marketifythemes.net/tailwind/elisc/assets/js/init.js]
[marketifythemes.net/tailwind/elisc/assets/css/font/fontello3b7f.eot]
[marketifythemes.net/tailwind/elisc/assets/css/font/fontello3b7f.svg]
[marketifythemes.net/tailwind/elisc/assets/css/owl.video.play.html]
[marketifythemes.net/tailwind/elisc/img.html]
[marketifythemes.net/tailwind/elisc/modal/contact.html]
